1 [Year, Make, Model___________________________________, Description_____________________________, Price]
-----------------------
2 [1997, Ford, E350____________________________________, ac, abs, moon___________________________, 3000.00]
-----------------------
3 [1999, Chevy, Venture "Extended Edition"______________, ________________________________________, 4900.00]
-----------------------
4 [1996, Jeep, Grand Cherokee__________________________, MUST SELL!
air, moon roof, loaded_______, 4799.00]
-----------------------
5 [1999, Chevy, Venture "Extended Edition, Very Large"__, ________________________________________, 5000.00]
-----------------------
6 [null, null, Venture "Extended Edition"______________, ________________________________________, 4900.00]
-----------------------
